// Jest Snapshot v1, https://goo.gl/fbAQLP

exports[`Welcome Page Renders Inputs from selected task 1`] = `
<RCTScrollView
  style={
    Object {
      "marginTop": 50,
      "width": "100%",
    }
  }
>
  <View>
    <View
      style={
        Object {
          "alignItems": "center",
          "elevation": 24,
          "flex": 1,
          "justifyContent": "center",
          "shadowColor": Object {
            "elevation": 14,
            "shadowColor": "#74858C",
            "shadowOffset": Object {
              "height": 7,
              "width": 0,
            },
            "shadowOpacity": 0.41,
            "shadowRadius": 9.11,
          },
          "shadowRadius": 16,
        }
      }
    >
      <View
        style={
          Array [
            Object {
              "backgroundColor": "rgba(231, 224, 236, 1)",
              "borderTopLeftRadius": 4,
              "borderTopRightRadius": 4,
            },
            Object {
              "borderColor": "black",
              "borderWidth": 1,
              "elevation": 3,
              "marginBottom": 5,
              "marginRight": 8,
              "padding": 3,
              "shadowColor": Object {
                "elevation": 14,
                "shadowColor": "#74858C",
                "shadowOffset": Object {
                  "height": 7,
                  "width": 0,
                },
                "shadowOpacity": 0.41,
                "shadowRadius": 9.11,
              },
              "width": "80%",
            },
          ]
        }
      >
        <View
          collapsable={false}
          style={
            Object {
              "backgroundColor": "rgba(28, 27, 31, 1)",
              "bottom": 0,
              "height": 1,
              "left": 0,
              "position": "absolute",
              "right": 0,
              "transform": Array [
                Object {
                  "scaleY": 0.5,
                },
              ],
              "zIndex": 1,
            }
          }
          testID="text-input-underline"
        />
        <View
          style={
            Array [
              Object {
                "paddingBottom": 0,
                "paddingTop": 0,
              },
              Object {
                "minHeight": 56,
              },
            ]
          }
        >
          <View
            collapsable={false}
            pointerEvents="none"
            style={
              Object {
                "bottom": 0,
                "left": 0,
                "opacity": 1,
                "position": "absolute",
                "right": 0,
                "top": 0,
                "transform": Array [
                  Object {
                    "translateX": 4,
                  },
                ],
                "zIndex": 3,
              }
            }
          >
            <Text
              collapsable={false}
              maxFontSizeMultiplier={1.5}
              numberOfLines={1}
              onLayout={[Function]}
              style={
                Object {
                  "color": "rgba(103, 80, 164, 1)",
                  "fontFamily": "System",
                  "fontSize": 16,
                  "fontWeight": undefined,
                  "left": 0,
                  "letterSpacing": 0.15,
                  "lineHeight": undefined,
                  "opacity": 0,
                  "paddingLeft": 16,
                  "paddingRight": 16,
                  "position": "absolute",
                  "textAlign": "left",
                  "top": 30,
                  "transform": Array [
                    Object {
                      "translateX": 0,
                    },
                    Object {
                      "translateY": -12,
                    },
                    Object {
                      "scale": 0.75,
                    },
                  ],
                  "writingDirection": "ltr",
                }
              }
              testID="StreetAddress-label-active"
            >
              Street Address / Unit
            </Text>
            <Text
              collapsable={false}
              maxFontSizeMultiplier={1.5}
              numberOfLines={1}
              style={
                Object {
                  "color": "rgba(73, 69, 79, 1)",
                  "fontFamily": "System",
                  "fontSize": 16,
                  "fontWeight": undefined,
                  "left": 0,
                  "letterSpacing": 0.15,
                  "lineHeight": undefined,
                  "opacity": 0,
                  "paddingLeft": 16,
                  "paddingRight": 16,
                  "position": "absolute",
                  "textAlign": "left",
                  "top": 30,
                  "transform": Array [
                    Object {
                      "translateX": 0,
                    },
                    Object {
                      "translateY": -12,
                    },
                    Object {
                      "scale": 0.75,
                    },
                  ],
                  "writingDirection": "ltr",
                }
              }
              testID="StreetAddress-label-inactive"
            >
              Street Address / Unit
            </Text>
          </View>
          <TextInput
            cursorColor="rgba(103, 80, 164, 1)"
            editable={true}
            maxFontSizeMultiplier={1.5}
            multiline={false}
            onBlur={[Function]}
            onChangeText={[Function]}
            onFocus={[Function]}
            placeholder=" "
            placeholderTextColor="rgba(73, 69, 79, 1)"
            selectionColor="rgba(103, 80, 164, 1)"
            style={
              Array [
                Object {
                  "margin": 0,
                },
                Object {
                  "paddingLeft": 16,
                  "paddingRight": 16,
                },
                Object {
                  "height": 56,
                },
                Object {
                  "paddingBottom": 4,
                  "paddingTop": 24,
                },
                Object {
                  "color": "rgba(73, 69, 79, 1)",
                  "fontFamily": "System",
                  "fontSize": 16,
                  "fontWeight": undefined,
                  "letterSpacing": 0.15,
                  "lineHeight": undefined,
                  "textAlign": "left",
                  "textAlignVertical": "center",
                },
                false,
                Array [
                  Object {},
                ],
                undefined,
              ]
            }
            testID="StreetAddress"
            underlineColorAndroid="transparent"
            value=""
          />
        </View>
      </View>
      <Text>
        <View
          accessibilityState={
            Object {
              "busy": undefined,
              "checked": undefined,
              "disabled": undefined,
              "expanded": undefined,
              "selected": undefined,
            }
          }
          accessibilityValue={
            Object {
              "max": undefined,
              "min": undefined,
              "now": undefined,
              "text": undefined,
            }
          }
          accessible={true}
          collapsable={false}
          focusable={true}
          onClick={[Function]}
          onResponderGrant={[Function]}
          onResponderMove={[Function]}
          onResponderRelease={[Function]}
          onResponderTerminate={[Function]}
          onResponderTerminationRequest={[Function]}
          onStartShouldSetResponder={[Function]}
          style={
            Object {
              "marginBottom": 2,
              "marginTop": 2,
              "opacity": 1,
            }
          }
          testID="reset"
        >
          <View
            collapsable={false}
            style={
              Object {
                "backgroundColor": "transparent",
                "borderRadius": 20,
                "marginBottom": 2,
                "marginTop": 2,
                "shadowColor": "#000",
                "shadowOffset": Object {
                  "height": 0,
                  "width": 0,
                },
                "shadowOpacity": 0,
                "shadowRadius": 0,
              }
            }
            testID="button-container-outer-layer"
          >
            <View
              collapsable={false}
              style={
                Object {
                  "backgroundColor": "transparent",
                  "borderColor": "transparent",
                  "borderRadius": 20,
                  "borderStyle": "solid",
                  "borderWidth": 0,
                  "flex": undefined,
                  "minWidth": "auto",
                  "shadowColor": "#000",
                  "shadowOffset": Object {
                    "height": 0,
                    "width": 0,
                  },
                  "shadowOpacity": 0,
                  "shadowRadius": 0,
                }
              }
              testID="button-container"
            >
              <View
                accessibilityRole="button"
                accessibilityState={
                  Object {
                    "busy": undefined,
                    "checked": undefined,
                    "disabled": true,
                    "expanded": undefined,
                    "selected": undefined,
                  }
                }
                accessibilityValue={
                  Object {
                    "max": undefined,
                    "min": undefined,
                    "now": undefined,
                    "text": undefined,
                  }
                }
                accessible={true}
                collapsable={false}
                focusable={true}
                onBlur={[Function]}
                onClick={[Function]}
                onFocus={[Function]}
                onResponderGrant={[Function]}
                onResponderMove={[Function]}
                onResponderRelease={[Function]}
                onResponderTerminate={[Function]}
                onResponderTerminationRequest={[Function]}
                onStartShouldSetResponder={[Function]}
                style={
                  Array [
                    Object {
                      "overflow": "hidden",
                    },
                    Object {
                      "borderRadius": 20,
                    },
                  ]
                }
                testID="button"
              >
                <View
                  style={
                    Array [
                      Object {
                        "alignItems": "center",
                        "flexDirection": "row",
                        "justifyContent": "center",
                      },
                      undefined,
                    ]
                  }
                >
                  <View
                    style={
                      Array [
                        Object {
                          "marginLeft": 12,
                          "marginRight": -4,
                        },
                        Object {
                          "marginLeft": 8,
                          "marginRight": 0,
                        },
                        Object {
                          "marginLeft": 6,
                          "marginRight": 0,
                        },
                      ]
                    }
                    testID="button-icon-container"
                  >
                    <Text
                      accessibilityElementsHidden={true}
                      allowFontScaling={false}
                      importantForAccessibility="no-hide-descendants"
                      pointerEvents="none"
                      selectable={false}
                      style={
                        Array [
                          Object {
                            "color": "rgba(103, 80, 164, 1)",
                            "fontSize": 18,
                          },
                          Array [
                            Object {
                              "lineHeight": 18,
                              "transform": Array [
                                Object {
                                  "scaleX": 1,
                                },
                              ],
                            },
                            Object {
                              "backgroundColor": "transparent",
                            },
                          ],
                          Object {
                            "fontFamily": "material-community",
                            "fontStyle": "normal",
                            "fontWeight": "normal",
                          },
                          Object {},
                        ]
                      }
                    >
                      󰑐
                    </Text>
                  </View>
                  <Text
                    numberOfLines={1}
                    selectable={false}
                    style={
                      Array [
                        Object {
                          "textAlign": "left",
                        },
                        Object {
                          "color": "rgba(28, 27, 31, 1)",
                          "writingDirection": "ltr",
                        },
                        Array [
                          Object {
                            "fontFamily": "System",
                            "fontSize": 14,
                            "fontWeight": "500",
                            "letterSpacing": 0.1,
                            "lineHeight": 20,
                          },
                          Array [
                            Object {
                              "marginHorizontal": 16,
                              "marginVertical": 9,
                              "textAlign": "center",
                            },
                            false,
                            Object {
                              "marginHorizontal": 16,
                            },
                            Object {
                              "marginHorizontal": 8,
                            },
                            false,
                            Object {
                              "color": "rgba(103, 80, 164, 1)",
                              "fontFamily": "System",
                              "fontSize": 14,
                              "fontWeight": "500",
                              "letterSpacing": 0.1,
                              "lineHeight": 20,
                            },
                            undefined,
                          ],
                        ],
                      ]
                    }
                    testID="button-text"
                  >
                    Reset
                  </Text>
                </View>
              </View>
            </View>
          </View>
        </View>
      </Text>
      <Text>
        <View
          accessibilityState={
            Object {
              "busy": undefined,
              "checked": undefined,
              "disabled": undefined,
              "expanded": undefined,
              "selected": undefined,
            }
          }
          accessibilityValue={
            Object {
              "max": undefined,
              "min": undefined,
              "now": undefined,
              "text": undefined,
            }
          }
          accessible={true}
          collapsable={false}
          focusable={true}
          onClick={[Function]}
          onResponderGrant={[Function]}
          onResponderMove={[Function]}
          onResponderRelease={[Function]}
          onResponderTerminate={[Function]}
          onResponderTerminationRequest={[Function]}
          onStartShouldSetResponder={[Function]}
          style={
            Object {
              "marginBottom": 2,
              "marginTop": 2,
              "opacity": 1,
            }
          }
          testID="Next"
        >
          <View
            collapsable={false}
            style={
              Object {
                "backgroundColor": "transparent",
                "borderRadius": 20,
                "marginBottom": 2,
                "marginTop": 2,
                "shadowColor": "#000",
                "shadowOffset": Object {
                  "height": 0,
                  "width": 0,
                },
                "shadowOpacity": 0,
                "shadowRadius": 0,
              }
            }
            testID="button-container-outer-layer"
          >
            <View
              collapsable={false}
              style={
                Object {
                  "backgroundColor": "transparent",
                  "borderColor": "transparent",
                  "borderRadius": 20,
                  "borderStyle": "solid",
                  "borderWidth": 0,
                  "flex": undefined,
                  "minWidth": "auto",
                  "shadowColor": "#000",
                  "shadowOffset": Object {
                    "height": 0,
                    "width": 0,
                  },
                  "shadowOpacity": 0,
                  "shadowRadius": 0,
                }
              }
              testID="button-container"
              title="Next"
            >
              <View
                accessibilityRole="button"
                accessibilityState={
                  Object {
                    "busy": undefined,
                    "checked": undefined,
                    "disabled": true,
                    "expanded": undefined,
                    "selected": undefined,
                  }
                }
                accessibilityValue={
                  Object {
                    "max": undefined,
                    "min": undefined,
                    "now": undefined,
                    "text": undefined,
                  }
                }
                accessible={true}
                collapsable={false}
                focusable={true}
                onBlur={[Function]}
                onClick={[Function]}
                onFocus={[Function]}
                onResponderGrant={[Function]}
                onResponderMove={[Function]}
                onResponderRelease={[Function]}
                onResponderTerminate={[Function]}
                onResponderTerminationRequest={[Function]}
                onStartShouldSetResponder={[Function]}
                style={
                  Array [
                    Object {
                      "overflow": "hidden",
                    },
                    Object {
                      "borderRadius": 20,
                    },
                  ]
                }
                testID="button"
              >
                <View
                  style={
                    Array [
                      Object {
                        "alignItems": "center",
                        "flexDirection": "row",
                        "justifyContent": "center",
                      },
                      undefined,
                    ]
                  }
                >
                  <View
                    style={
                      Array [
                        Object {
                          "marginLeft": 12,
                          "marginRight": -4,
                        },
                        Object {
                          "marginLeft": 8,
                          "marginRight": 0,
                        },
                        Object {
                          "marginLeft": 6,
                          "marginRight": 0,
                        },
                      ]
                    }
                    testID="button-icon-container"
                  >
                    <Text
                      accessibilityElementsHidden={true}
                      allowFontScaling={false}
                      importantForAccessibility="no-hide-descendants"
                      pointerEvents="none"
                      selectable={false}
                      style={
                        Array [
                          Object {
                            "color": "rgba(103, 80, 164, 1)",
                            "fontSize": 18,
                          },
                          Array [
                            Object {
                              "lineHeight": 18,
                              "transform": Array [
                                Object {
                                  "scaleX": 1,
                                },
                              ],
                            },
                            Object {
                              "backgroundColor": "transparent",
                            },
                          ],
                          Object {
                            "fontFamily": "material-community",
                            "fontStyle": "normal",
                            "fontWeight": "normal",
                          },
                          Object {},
                        ]
                      }
                    >
                      󰜴
                    </Text>
                  </View>
                  <Text
                    numberOfLines={1}
                    selectable={false}
                    style={
                      Array [
                        Object {
                          "textAlign": "left",
                        },
                        Object {
                          "color": "rgba(28, 27, 31, 1)",
                          "writingDirection": "ltr",
                        },
                        Array [
                          Object {
                            "fontFamily": "System",
                            "fontSize": 14,
                            "fontWeight": "500",
                            "letterSpacing": 0.1,
                            "lineHeight": 20,
                          },
                          Array [
                            Object {
                              "marginHorizontal": 16,
                              "marginVertical": 9,
                              "textAlign": "center",
                            },
                            false,
                            Object {
                              "marginHorizontal": 16,
                            },
                            Object {
                              "marginHorizontal": 8,
                            },
                            false,
                            Object {
                              "color": "rgba(103, 80, 164, 1)",
                              "fontFamily": "System",
                              "fontSize": 14,
                              "fontWeight": "500",
                              "letterSpacing": 0.1,
                              "lineHeight": 20,
                            },
                            undefined,
                          ],
                        ],
                      ]
                    }
                    testID="button-text"
                  >
                    Next
                  </Text>
                </View>
              </View>
            </View>
          </View>
        </View>
      </Text>
      <Text>
        <View
          accessibilityState={
            Object {
              "busy": undefined,
              "checked": undefined,
              "disabled": undefined,
              "expanded": undefined,
              "selected": undefined,
            }
          }
          accessibilityValue={
            Object {
              "max": undefined,
              "min": undefined,
              "now": undefined,
              "text": undefined,
            }
          }
          accessible={true}
          collapsable={false}
          focusable={true}
          onClick={[Function]}
          onResponderGrant={[Function]}
          onResponderMove={[Function]}
          onResponderRelease={[Function]}
          onResponderTerminate={[Function]}
          onResponderTerminationRequest={[Function]}
          onStartShouldSetResponder={[Function]}
          style={
            Object {
              "marginBottom": 2,
              "marginTop": 2,
              "opacity": 1,
            }
          }
          testID="signOut"
        >
          <View
            collapsable={false}
            style={
              Object {
                "backgroundColor": "transparent",
                "borderRadius": 20,
                "marginBottom": 2,
                "marginTop": 2,
                "shadowColor": "#000",
                "shadowOffset": Object {
                  "height": 0,
                  "width": 0,
                },
                "shadowOpacity": 0,
                "shadowRadius": 0,
              }
            }
            testID="button-container-outer-layer"
          >
            <View
              collapsable={false}
              style={
                Object {
                  "backgroundColor": "transparent",
                  "borderColor": "transparent",
                  "borderRadius": 20,
                  "borderStyle": "solid",
                  "borderWidth": 0,
                  "flex": undefined,
                  "minWidth": "auto",
                  "shadowColor": "#000",
                  "shadowOffset": Object {
                    "height": 0,
                    "width": 0,
                  },
                  "shadowOpacity": 0,
                  "shadowRadius": 0,
                }
              }
              testID="button-container"
              title="Sign Out"
            >
              <View
                accessibilityRole="button"
                accessibilityState={
                  Object {
                    "busy": undefined,
                    "checked": undefined,
                    "disabled": true,
                    "expanded": undefined,
                    "selected": undefined,
                  }
                }
                accessibilityValue={
                  Object {
                    "max": undefined,
                    "min": undefined,
                    "now": undefined,
                    "text": undefined,
                  }
                }
                accessible={true}
                collapsable={false}
                focusable={true}
                onBlur={[Function]}
                onClick={[Function]}
                onFocus={[Function]}
                onResponderGrant={[Function]}
                onResponderMove={[Function]}
                onResponderRelease={[Function]}
                onResponderTerminate={[Function]}
                onResponderTerminationRequest={[Function]}
                onStartShouldSetResponder={[Function]}
                style={
                  Array [
                    Object {
                      "overflow": "hidden",
                    },
                    Object {
                      "borderRadius": 20,
                    },
                  ]
                }
                testID="button"
              >
                <View
                  style={
                    Array [
                      Object {
                        "alignItems": "center",
                        "flexDirection": "row",
                        "justifyContent": "center",
                      },
                      undefined,
                    ]
                  }
                >
                  <View
                    style={
                      Array [
                        Object {
                          "marginLeft": 12,
                          "marginRight": -4,
                        },
                        Object {
                          "marginLeft": 8,
                          "marginRight": 0,
                        },
                        Object {
                          "marginLeft": 6,
                          "marginRight": 0,
                        },
                      ]
                    }
                    testID="button-icon-container"
                  >
                    <Text
                      accessibilityElementsHidden={true}
                      allowFontScaling={false}
                      importantForAccessibility="no-hide-descendants"
                      pointerEvents="none"
                      selectable={false}
                      style={
                        Array [
                          Object {
                            "color": "rgba(103, 80, 164, 1)",
                            "fontSize": 18,
                          },
                          Array [
                            Object {
                              "lineHeight": 18,
                              "transform": Array [
                                Object {
                                  "scaleX": 1,
                                },
                              ],
                            },
                            Object {
                              "backgroundColor": "transparent",
                            },
                          ],
                          Object {
                            "fontFamily": "material-community",
                            "fontStyle": "normal",
                            "fontWeight": "normal",
                          },
                          Object {},
                        ]
                      }
                    >
                      󰀄
                    </Text>
                  </View>
                  <Text
                    numberOfLines={1}
                    selectable={false}
                    style={
                      Array [
                        Object {
                          "textAlign": "left",
                        },
                        Object {
                          "color": "rgba(28, 27, 31, 1)",
                          "writingDirection": "ltr",
                        },
                        Array [
                          Object {
                            "fontFamily": "System",
                            "fontSize": 14,
                            "fontWeight": "500",
                            "letterSpacing": 0.1,
                            "lineHeight": 20,
                          },
                          Array [
                            Object {
                              "marginHorizontal": 16,
                              "marginVertical": 9,
                              "textAlign": "center",
                            },
                            false,
                            Object {
                              "marginHorizontal": 16,
                            },
                            Object {
                              "marginHorizontal": 8,
                            },
                            false,
                            Object {
                              "color": "rgba(103, 80, 164, 1)",
                              "fontFamily": "System",
                              "fontSize": 14,
                              "fontWeight": "500",
                              "letterSpacing": 0.1,
                              "lineHeight": 20,
                            },
                            undefined,
                          ],
                        ],
                      ]
                    }
                    testID="button-text"
                  >
                    Sign Out
                  </Text>
                </View>
              </View>
            </View>
          </View>
        </View>
      </Text>
    </View>
  </View>
</RCTScrollView>
`;
